[38;5;39m[7malpine[0m
openrsync --recursive --links --delete --perms --exclude-from=/tmp/reposync.reposync/exclude . alpine:git/reposync/
ssh alpine 'set -e; uname -prs; . ~/.profile; cd git/reposync; hostname'
[38;5;190mPASS[0m
[38;5;39m[7mbhyve1[0m
openrsync --recursive --links --delete --perms --exclude-from=/tmp/reposync.reposync/exclude . bhyve1:git/reposync/
ssh bhyve1 'set -e; uname -prs; . ~/.profile; cd git/reposync; hostname'
[38;5;190mPASS[0m
[38;5;39m[7mmacmini-m1[0m
openrsync --recursive --links --delete --perms --exclude-from=/tmp/reposync.reposync/exclude . macmini-m1:git/reposync/
ssh: connect to host macmini-m1 port 22: Operation timed out
[38;5;196mFAIL[0m
[38;5;226mEXIT 1[0m
[38;5;39m[7mmacmini-m1[0m
openrsync --recursive --links --delete --perms --exclude-from=/tmp/reposync.reposync/exclude . macmini-m1:git/reposync/
ssh: connect to host macmini-m1 port 22: Operation timed out
[38;5;196mFAIL[0m
[38;5;226mEXIT 1[0m
